Category: ☘️安徽频道, Name: 安徽经济生活, Total: 4, Valid: 4, Valid Percent: 100.00%, Whitelist: 0, IPv4: 0, IPv6: 4, Min Delay: 0.1 ms, Max Speed: 0.00 M/s, Avg Speed: 0.00 M/s, Max Resolution: 1920x1080
Category: ☘️安徽频道, Name: 安徽综艺体育, Total: 5, Valid: 4, Valid Percent: 80.00%, Whitelist: 0, IPv4: 0, IPv6: 5, Min Delay: 0.1 ms, Max Speed: 0.00 M/s, Avg Speed: 0.00 M/s, Max Resolution: 1920x1080
Category: ☘️安徽频道, Name: 合肥新闻, Total: 1, Valid: 1, Valid Percent: 100.00%, Whitelist: 0, IPv4: 1, IPv6: 0, Min Delay: 10180 ms, Max Speed: 0.05 M/s, Avg Speed: 0.05 M/s, Max Resolution: 720x576
Category: 📺央视频道, Name: CCTV-1, Total: 198, Valid: 63, Valid Percent: 31.82%, Whitelist: 0, IPv4: 20, IPv6: 178, Min Delay: 0.1 ms, Max Speed: 41.31 M/s, Avg Speed: 10.37 M/s, Max Resolution: 1920x1080
Category: 📺央视频道, Name: CCTV-2, Total: 208, Valid: 82, Valid Percent: 39.42%, Whitelist: 0, IPv4: 14, IPv6: 194, Min Delay: 0.1 ms, Max Speed: 38.77 M/s, Avg Speed: 5.41 M/s, Max Resolution: 1920x1080
Category: 📺央视频道, Name: CCTV-3, Total: 186, Valid: 63, Valid Percent: 33.87%, Whitelist: 0, IPv4: 9, IPv6: 177, Min Delay: 0.1 ms, Max Speed: 37.78 M/s, Avg Speed: 4.08 M/s, Max Resolution: 1920x1080
Category: 📺央视频道, Name: CCTV-4, Total: 380, Valid: 76, Valid Percent: 20.00%, Whitelist: 0, IPv4: 17, IPv6: 363, Min Delay: 0.1 ms, Max Speed: 38.34 M/s, Avg Speed: 7.53 M/s, Max Resolution: 1920x1080
Category: 📺央视频道, Name: CCTV-5, Total: 294, Valid: 51, Valid Percent: 17.35%, Whitelist: 0, IPv4: 14, IPv6: 280, Min Delay: 0.1 ms, Max Speed: 39.91 M/s, Avg Speed: 7.71 M/s, Max Resolution: 1920x1080
Category: 📺央视频道, Name: CCTV-5+, Total: 82, Valid: 45, Valid Percent: 54.88%, Whitelist: 0, IPv4: 4, IPv6: 78, Min Delay: 0.1 ms, Max Speed: 37.45 M/s, Avg Speed: 2.90 M/s, Max Resolution: 1920x1080
Category: 📺央视频道, Name: CCTV-6, Total: 181, Valid: 49, Valid Percent: 27.07%, Whitelist: 0, IPv4: 14, IPv6: 167, Min Delay: 0.1 ms, Max Speed: 40.32 M/s, Avg Speed: 9.62 M/s, Max Resolution: 1920x1080
Category: 📺央视频道, Name: CCTV-7, Total: 193, Valid: 71, Valid Percent: 36.79%, Whitelist: 0, IPv4: 11, IPv6: 182, Min Delay: 0.1 ms, Max Speed: 40.42 M/s, Avg Speed: 4.66 M/s, Max Resolution: 1920x1080
Category: 📺央视频道, Name: CCTV-8, Total: 187, Valid: 62, Valid Percent: 33.16%, Whitelist: 0, IPv4: 15, IPv6: 172, Min Delay: 0.1 ms, Max Speed: 40.17 M/s, Avg Speed: 8.50 M/s, Max Resolution: 1920x1080
Category: 📺央视频道, Name: CCTV-9, Total: 193, Valid: 66, Valid Percent: 34.20%, Whitelist: 0, IPv4: 7, IPv6: 186, Min Delay: 0.1 ms, Max Speed: 40.32 M/s, Avg Speed: 2.49 M/s, Max Resolution: 1920x1080
Category: 📺央视频道, Name: CCTV-10, Total: 192, Valid: 67, Valid Percent: 34.90%, Whitelist: 0, IPv4: 10, IPv6: 182, Min Delay: 0.1 ms, Max Speed: 40.14 M/s, Avg Speed: 5.45 M/s, Max Resolution: 1920x1080
Category: 📺央视频道, Name: CCTV-11, Total: 199, Valid: 74, Valid Percent: 37.19%, Whitelist: 0, IPv4: 8, IPv6: 191, Min Delay: 0.1 ms, Max Speed: 39.45 M/s, Avg Speed: 2.67 M/s, Max Resolution: 1920x1080
Category: 📺央视频道, Name: CCTV-12, Total: 197, Valid: 73, Valid Percent: 37.06%, Whitelist: 0, IPv4: 9, IPv6: 188, Min Delay: 0.1 ms, Max Speed: 38.25 M/s, Avg Speed: 3.51 M/s, Max Resolution: 1920x1080
Category: 📺央视频道, Name: CCTV-13, Total: 193, Valid: 57, Valid Percent: 29.53%, Whitelist: 0, IPv4: 16, IPv6: 177, Min Delay: 0.1 ms, Max Speed: 40.06 M/s, Avg Speed: 9.56 M/s, Max Resolution: 1920x1080
Category: 📺央视频道, Name: CCTV-14, Total: 174, Valid: 45, Valid Percent: 25.86%, Whitelist: 0, IPv4: 7, IPv6: 167, Min Delay: 0.1 ms, Max Speed: 39.00 M/s, Avg Speed: 4.39 M/s, Max Resolution: 1920x1080
Category: 📺央视频道, Name: CCTV-15, Total: 191, Valid: 69, Valid Percent: 36.13%, Whitelist: 0, IPv4: 6, IPv6: 185, Min Delay: 0.1 ms, Max Speed: 37.28 M/s, Avg Speed: 2.56 M/s, Max Resolution: 1920x1080
Category: 📺央视频道, Name: CCTV-16, Total: 49, Valid: 26, Valid Percent: 53.06%, Whitelist: 0, IPv4: 3, IPv6: 46, Min Delay: 0.1 ms, Max Speed: 36.24 M/s, Avg Speed: 2.79 M/s, Max Resolution: 1920x1080
Category: 📺央视频道, Name: CCTV-17, Total: 179, Valid: 52, Valid Percent: 29.05%, Whitelist: 0, IPv4: 8, IPv6: 171, Min Delay: 0.1 ms, Max Speed: 39.12 M/s, Avg Speed: 4.45 M/s, Max Resolution: 1920x1080
Category: 📺央视频道, Name: CETV-1, Total: 163, Valid: 1, Valid Percent: 0.61%, Whitelist: 0, IPv4: 1, IPv6: 162, Min Delay: 27 ms, Max Speed: 39.33 M/s, Avg Speed: 39.33 M/s, Max Resolution: 1920x1080
Category: 📺央视频道, Name: CETV-2, Total: 143, Valid: 1, Valid Percent: 0.70%, Whitelist: 0, IPv4: 1, IPv6: 142, Min Delay: 29 ms, Max Speed: 35.73 M/s, Avg Speed: 35.73 M/s, Max Resolution: 1920x1080
Category: 📺央视频道, Name: CETV-3, Total: 6, Valid: 0, Valid Percent: 0.00%, Whitelist: 0, IPv4: 0, IPv6: 6, Min Delay: -1 ms, Max Speed: 0.00 M/s, Avg Speed: 0.00 M/s, Max Resolution: None
Category: 📺央视频道, Name: CETV-4, Total: 150, Valid: 1, Valid Percent: 0.67%, Whitelist: 0, IPv4: 1, IPv6: 149, Min Delay: 28 ms, Max Speed: 35.13 M/s, Avg Speed: 35.13 M/s, Max Resolution: 1920x1080
Category: 📡卫视频道, Name: 安徽卫视, Total: 84, Valid: 61, Valid Percent: 72.62%, Whitelist: 0, IPv4: 3, IPv6: 81, Min Delay: 0.1 ms, Max Speed: 36.85 M/s, Avg Speed: 1.69 M/s, Max Resolution: 1920x1080
Category: 📡卫视频道, Name: 广东卫视, Total: 188, Valid: 65, Valid Percent: 34.57%, Whitelist: 0, IPv4: 7, IPv6: 181, Min Delay: 0.1 ms, Max Speed: 40.04 M/s, Avg Speed: 2.96 M/s, Max Resolution: 1920x1080
Category: 📡卫视频道, Name: 香港卫视, Total: 13, Valid: 5, Valid Percent: 38.46%, Whitelist: 0, IPv4: 0, IPv6: 13, Min Delay: 0.1 ms, Max Speed: 0.00 M/s, Avg Speed: 0.00 M/s, Max Resolution: 1920x1080
Category: 📡卫视频道, Name: 浙江卫视, Total: 285, Valid: 84, Valid Percent: 29.47%, Whitelist: 0, IPv4: 16, IPv6: 269, Min Delay: 0.1 ms, Max Speed: 40.46 M/s, Avg Speed: 5.67 M/s, Max Resolution: 1920x1080
Category: 📡卫视频道, Name: 湖南卫视, Total: 207, Valid: 66, Valid Percent: 31.88%, Whitelist: 0, IPv4: 10, IPv6: 197, Min Delay: 0.1 ms, Max Speed: 26.33 M/s, Avg Speed: 1.67 M/s, Max Resolution: 3840x2160
Category: 📡卫视频道, Name: 北京卫视, Total: 191, Valid: 61, Valid Percent: 31.94%, Whitelist: 0, IPv4: 9, IPv6: 182, Min Delay: 0.1 ms, Max Speed: 38.29 M/s, Avg Speed: 3.84 M/s, Max Resolution: 1920x1080
Category: 📡卫视频道, Name: 湖北卫视, Total: 205, Valid: 75, Valid Percent: 36.59%, Whitelist: 0, IPv4: 5, IPv6: 200, Min Delay: 0.1 ms, Max Speed: 33.08 M/s, Avg Speed: 0.99 M/s, Max Resolution: 1920x1080
Category: 📡卫视频道, Name: 黑龙江卫视, Total: 87, Valid: 63, Valid Percent: 72.41%, Whitelist: 0, IPv4: 5, IPv6: 82, Min Delay: 0.1 ms, Max Speed: 36.78 M/s, Avg Speed: 2.17 M/s, Max Resolution: 1920x1080
Category: 📡卫视频道, Name: 重庆卫视, Total: 86, Valid: 60, Valid Percent: 69.77%, Whitelist: 0, IPv4: 5, IPv6: 81, Min Delay: 0.1 ms, Max Speed: 36.50 M/s, Avg Speed: 1.79 M/s, Max Resolution: 1920x1080
Category: 📡卫视频道, Name: 东方卫视, Total: 207, Valid: 68, Valid Percent: 32.85%, Whitelist: 0, IPv4: 9, IPv6: 198, Min Delay: 0.1 ms, Max Speed: 37.87 M/s, Avg Speed: 3.26 M/s, Max Resolution: 1920x1080
Category: 📡卫视频道, Name: 东南卫视, Total: 77, Valid: 46, Valid Percent: 59.74%, Whitelist: 0, IPv4: 5, IPv6: 72, Min Delay: 0.1 ms, Max Speed: 36.94 M/s, Avg Speed: 3.08 M/s, Max Resolution: 1920x1080
Category: 📡卫视频道, Name: 甘肃卫视, Total: 48, Valid: 28, Valid Percent: 58.33%, Whitelist: 0, IPv4: 4, IPv6: 44, Min Delay: 0.1 ms, Max Speed: 37.53 M/s, Avg Speed: 3.96 M/s, Max Resolution: 1920x1080
Category: 📡卫视频道, Name: 广西卫视, Total: 56, Valid: 39, Valid Percent: 69.64%, Whitelist: 0, IPv4: 5, IPv6: 51, Min Delay: 0.1 ms, Max Speed: 38.69 M/s, Avg Speed: 2.14 M/s, Max Resolution: 1920x1080
Category: 📡卫视频道, Name: 贵州卫视, Total: 63, Valid: 40, Valid Percent: 63.49%, Whitelist: 0, IPv4: 6, IPv6: 57, Min Delay: 0.1 ms, Max Speed: 39.05 M/s, Avg Speed: 4.75 M/s, Max Resolution: 1920x1080
Category: 📡卫视频道, Name: 海南卫视, Total: 260, Valid: 42, Valid Percent: 16.15%, Whitelist: 0, IPv4: 5, IPv6: 255, Min Delay: 0.1 ms, Max Speed: 37.01 M/s, Avg Speed: 4.25 M/s, Max Resolution: 1920x1080
Category: 📡卫视频道, Name: 河北卫视, Total: 70, Valid: 47, Valid Percent: 67.14%, Whitelist: 0, IPv4: 6, IPv6: 64, Min Delay: 0.1 ms, Max Speed: 39.08 M/s, Avg Speed: 4.77 M/s, Max Resolution: 1920x1080
Category: 📡卫视频道, Name: 河南卫视, Total: 190, Valid: 55, Valid Percent: 28.95%, Whitelist: 0, IPv4: 6, IPv6: 184, Min Delay: 0.1 ms, Max Speed: 43.45 M/s, Avg Speed: 3.46 M/s, Max Resolution: 1920x1080
Category: 📡卫视频道, Name: 吉林卫视, Total: 191, Valid: 63, Valid Percent: 32.98%, Whitelist: 0, IPv4: 9, IPv6: 182, Min Delay: 0.1 ms, Max Speed: 35.80 M/s, Avg Speed: 3.50 M/s, Max Resolution: 1920x1080
Category: 📡卫视频道, Name: 江苏卫视, Total: 205, Valid: 74, Valid Percent: 36.10%, Whitelist: 0, IPv4: 11, IPv6: 194, Min Delay: 0.1 ms, Max Speed: 30.81 M/s, Avg Speed: 2.62 M/s, Max Resolution: 1920x1080
Category: 📡卫视频道, Name: 江西卫视, Total: 201, Valid: 70, Valid Percent: 34.83%, Whitelist: 0, IPv4: 6, IPv6: 195, Min Delay: 0.1 ms, Max Speed: 36.02 M/s, Avg Speed: 1.83 M/s, Max Resolution: 1920x1080
Category: 📡卫视频道, Name: 辽宁卫视, Total: 181, Valid: 43, Valid Percent: 23.76%, Whitelist: 0, IPv4: 4, IPv6: 177, Min Delay: 0.1 ms, Max Speed: 31.11 M/s, Avg Speed: 1.74 M/s, Max Resolution: 1920x1080
Category: 📡卫视频道, Name: 内蒙古卫视, Total: 133, Valid: 24, Valid Percent: 18.05%, Whitelist: 0, IPv4: 3, IPv6: 130, Min Delay: 0.1 ms, Max Speed: 36.89 M/s, Avg Speed: 3.33 M/s, Max Resolution: 1920x1080
Category: 📡卫视频道, Name: 宁夏卫视, Total: 89, Valid: 25, Valid Percent: 28.09%, Whitelist: 0, IPv4: 5, IPv6: 84, Min Delay: 0.1 ms, Max Speed: 36.57 M/s, Avg Speed: 4.44 M/s, Max Resolution: 1920x1080
Category: 📡卫视频道, Name: 青海卫视, Total: 185, Valid: 32, Valid Percent: 17.30%, Whitelist: 0, IPv4: 6, IPv6: 179, Min Delay: 0.1 ms, Max Speed: 35.80 M/s, Avg Speed: 5.51 M/s, Max Resolution: 1920x1080
Category: 📡卫视频道, Name: 山东卫视, Total: 70, Valid: 46, Valid Percent: 65.71%, Whitelist: 0, IPv4: 5, IPv6: 65, Min Delay: 0.1 ms, Max Speed: 38.00 M/s, Avg Speed: 3.11 M/s, Max Resolution: 1920x1080
Category: 📡卫视频道, Name: 山西卫视, Total: 35, Valid: 17, Valid Percent: 48.57%, Whitelist: 0, IPv4: 5, IPv6: 30, Min Delay: 0.1 ms, Max Speed: 36.74 M/s, Avg Speed: 8.26 M/s, Max Resolution: 1920x1080
Category: 📡卫视频道, Name: 陕西卫视, Total: 152, Valid: 28, Valid Percent: 18.42%, Whitelist: 0, IPv4: 6, IPv6: 146, Min Delay: 0.1 ms, Max Speed: 37.92 M/s, Avg Speed: 4.28 M/s, Max Resolution: 1920x1080
Category: 📡卫视频道, Name: 四川卫视, Total: 62, Valid: 36, Valid Percent: 58.06%, Whitelist: 0, IPv4: 6, IPv6: 56, Min Delay: 0.1 ms, Max Speed: 39.00 M/s, Avg Speed: 3.95 M/s, Max Resolution: 3840x2160
Category: 📡卫视频道, Name: 深圳卫视, Total: 64, Valid: 38, Valid Percent: 59.38%, Whitelist: 0, IPv4: 5, IPv6: 59, Min Delay: 0.1 ms, Max Speed: 39.00 M/s, Avg Speed: 4.09 M/s, Max Resolution: 1920x1080
Category: 📡卫视频道, Name: 三沙卫视, Total: 118, Valid: 14, Valid Percent: 11.86%, Whitelist: 0, IPv4: 3, IPv6: 115, Min Delay: 0.1 ms, Max Speed: 39.17 M/s, Avg Speed: 8.12 M/s, Max Resolution: 1920x1080
Category: 📡卫视频道, Name: 天津卫视, Total: 66, Valid: 45, Valid Percent: 68.18%, Whitelist: 0, IPv4: 5, IPv6: 61, Min Delay: 0.1 ms, Max Speed: 38.63 M/s, Avg Speed: 3.24 M/s, Max Resolution: 1920x1080
Category: 📡卫视频道, Name: 西藏卫视, Total: 41, Valid: 24, Valid Percent: 58.54%, Whitelist: 0, IPv4: 3, IPv6: 38, Min Delay: 0.1 ms, Max Speed: 32.19 M/s, Avg Speed: 3.13 M/s, Max Resolution: 1920x1080
Category: 📡卫视频道, Name: 新疆卫视, Total: 43, Valid: 24, Valid Percent: 55.81%, Whitelist: 0, IPv4: 3, IPv6: 40, Min Delay: 0.1 ms, Max Speed: 37.96 M/s, Avg Speed: 3.75 M/s, Max Resolution: 1920x1080
Category: 📡卫视频道, Name: 云南卫视, Total: 48, Valid: 28, Valid Percent: 58.33%, Whitelist: 0, IPv4: 4, IPv6: 44, Min Delay: 0.1 ms, Max Speed: 37.42 M/s, Avg Speed: 3.94 M/s, Max Resolution: 1920x1080
Category: 🌊港·澳·台, Name: 翡翠台, Total: 319, Valid: 17, Valid Percent: 5.33%, Whitelist: 0, IPv4: 0, IPv6: 319, Min Delay: 0.1 ms, Max Speed: 0.00 M/s, Avg Speed: 0.00 M/s, Max Resolution: 1920x1080
Category: 🌊港·澳·台, Name: 明珠台, Total: 162, Valid: 0, Valid Percent: 0.00%, Whitelist: 0, IPv4: 0, IPv6: 162, Min Delay: -1 ms, Max Speed: 0.00 M/s, Avg Speed: 0.00 M/s, Max Resolution: None
Category: 🌊港·澳·台, Name: 凤凰中文, Total: 229, Valid: 19, Valid Percent: 8.30%, Whitelist: 0, IPv4: 0, IPv6: 229, Min Delay: 0.1 ms, Max Speed: 0.00 M/s, Avg Speed: 0.00 M/s, Max Resolution: 1920x1080
Category: 🌊港·澳·台, Name: 凤凰资讯, Total: 243, Valid: 35, Valid Percent: 14.40%, Whitelist: 0, IPv4: 0, IPv6: 243, Min Delay: 0.1 ms, Max Speed: 0.00 M/s, Avg Speed: 0.00 M/s, Max Resolution: 1920x1080
Category: 🌊港·澳·台, Name: 凤凰香港, Total: 213, Valid: 15, Valid Percent: 7.04%, Whitelist: 0, IPv4: 0, IPv6: 213, Min Delay: 0.1 ms, Max Speed: 0.00 M/s, Avg Speed: 0.00 M/s, Max Resolution: 1920x1080
Category: 🌊港·澳·台, Name: 凤凰卫视, Total: 7, Valid: 4, Valid Percent: 57.14%, Whitelist: 0, IPv4: 0, IPv6: 7, Min Delay: 0.1 ms, Max Speed: 0.00 M/s, Avg Speed: 0.00 M/s, Max Resolution: 1920x1080
Category: 🌊港·澳·台, Name: TVBS亚洲, Total: 2, Valid: 1, Valid Percent: 50.00%, Whitelist: 0, IPv4: 0, IPv6: 2, Min Delay: 0.1 ms, Max Speed: 0.00 M/s, Avg Speed: 0.00 M/s, Max Resolution: 1920x1080
Category: 🌊港·澳·台, Name: 香港卫视, Total: 13, Valid: 5, Valid Percent: 38.46%, Whitelist: 0, IPv4: 0, IPv6: 13, Min Delay: 0.1 ms, Max Speed: 0.00 M/s, Avg Speed: 0.00 M/s, Max Resolution: 1920x1080
Category: 🌊港·澳·台, Name: 纬来体育, Total: 8, Valid: 5, Valid Percent: 62.50%, Whitelist: 0, IPv4: 0, IPv6: 8, Min Delay: 0.1 ms, Max Speed: 0.00 M/s, Avg Speed: 0.00 M/s, Max Resolution: 1920x1080
Category: 🌊港·澳·台, Name: 纬来育乐, Total: 56, Valid: 0, Valid Percent: 0.00%, Whitelist: 0, IPv4: 0, IPv6: 56, Min Delay: -1 ms, Max Speed: 0.00 M/s, Avg Speed: 0.00 M/s, Max Resolution: None
Category: 🌊港·澳·台, Name: J2, Total: 2, Valid: 1, Valid Percent: 50.00%, Whitelist: 0, IPv4: 0, IPv6: 2, Min Delay: 0.1 ms, Max Speed: 0.00 M/s, Avg Speed: 0.00 M/s, Max Resolution: 1920x1080
Category: 🌊港·澳·台, Name: Viutv, Total: 1, Valid: 1, Valid Percent: 100.00%, Whitelist: 0, IPv4: 0, IPv6: 1, Min Delay: 0.1 ms, Max Speed: 0.00 M/s, Avg Speed: 0.00 M/s, Max Resolution: 1920x1080
Category: 🌊港·澳·台, Name: 三立台湾, Total: 1, Valid: 1, Valid Percent: 100.00%, Whitelist: 0, IPv4: 0, IPv6: 1, Min Delay: 0.1 ms, Max Speed: 0.00 M/s, Avg Speed: 0.00 M/s, Max Resolution: 1920x1080
Category: 🌊港·澳·台, Name: 无线新闻, Total: 5, Valid: 5, Valid Percent: 100.00%, Whitelist: 0, IPv4: 0, IPv6: 5, Min Delay: 0.1 ms, Max Speed: 0.00 M/s, Avg Speed: 0.00 M/s, Max Resolution: 1920x1080
Category: 🌊港·澳·台, Name: 三立新闻, Total: 9, Valid: 5, Valid Percent: 55.56%, Whitelist: 0, IPv4: 0, IPv6: 9, Min Delay: 0.1 ms, Max Speed: 0.00 M/s, Avg Speed: 0.00 M/s, Max Resolution: 1920x1080
Category: 🌊港·澳·台, Name: 东森综合, Total: 2, Valid: 1, Valid Percent: 50.00%, Whitelist: 0, IPv4: 0, IPv6: 2, Min Delay: 0.1 ms, Max Speed: 0.00 M/s, Avg Speed: 0.00 M/s, Max Resolution: 1920x1080
Category: 🌊港·澳·台, Name: 东森超视, Total: 10, Valid: 5, Valid Percent: 50.00%, Whitelist: 0, IPv4: 0, IPv6: 10, Min Delay: 0.1 ms, Max Speed: 0.00 M/s, Avg Speed: 0.00 M/s, Max Resolution: 1920x1080
Category: 🌊港·澳·台, Name: 东森电影, Total: 6, Valid: 4, Valid Percent: 66.67%, Whitelist: 0, IPv4: 0, IPv6: 6, Min Delay: 0.1 ms, Max Speed: 0.00 M/s, Avg Speed: 0.00 M/s, Max Resolution: 1920x1080
Category: 🌊港·澳·台, Name: Now剧集, Total: 1, Valid: 0, Valid Percent: 0.00%, Whitelist: 0, IPv4: 0, IPv6: 1, Min Delay: -1 ms, Max Speed: 0.00 M/s, Avg Speed: 0.00 M/s, Max Resolution: None
Category: 🌊港·澳·台, Name: Now华剧, Total: 1, Valid: 1, Valid Percent: 100.00%, Whitelist: 0, IPv4: 1, IPv6: 0, Min Delay: 233 ms, Max Speed: 4.91 M/s, Avg Speed: 4.91 M/s, Max Resolution: 864x720
Category: 🌊港·澳·台, Name: 靖天资讯, Total: 26, Valid: 0, Valid Percent: 0.00%, Whitelist: 0, IPv4: 0, IPv6: 26, Min Delay: -1 ms, Max Speed: 0.00 M/s, Avg Speed: 0.00 M/s, Max Resolution: None
Category: 🌊港·澳·台, Name: 星卫娱乐, Total: 1, Valid: 1, Valid Percent: 100.00%, Whitelist: 0, IPv4: 1, IPv6: 0, Min Delay: 10016 ms, Max Speed: 0.05 M/s, Avg Speed: 0.05 M/s, Max Resolution: 1920x1080
Category: 🪁动画频道, Name: 少儿动画, Total: 10, Valid: 1, Valid Percent: 10.00%, Whitelist: 0, IPv4: 10, IPv6: 0, Min Delay: 10003 ms, Max Speed: 0.08 M/s, Avg Speed: 0.08 M/s, Max Resolution: 1920x1080
Category: 🪁动画频道, Name: 卡酷动画, Total: 4, Valid: 0, Valid Percent: 0.00%, Whitelist: 0, IPv4: 0, IPv6: 4, Min Delay: -1 ms, Max Speed: 0.00 M/s, Avg Speed: 0.00 M/s, Max Resolution: None
Category: 🪁动画频道, Name: 动漫秀场, Total: 23, Valid: 15, Valid Percent: 65.22%, Whitelist: 0, IPv4: 0, IPv6: 23, Min Delay: 0.1 ms, Max Speed: 0.00 M/s, Avg Speed: 0.00 M/s, Max Resolution: 1920x1080
Category: 🪁动画频道, Name: 新动漫, Total: 46, Valid: 2, Valid Percent: 4.35%, Whitelist: 0, IPv4: 2, IPv6: 44, Min Delay: 50 ms, Max Speed: 18.67 M/s, Avg Speed: 17.62 M/s, Max Resolution: 1920x1080
Category: 🪁动画频道, Name: 青春动漫, Total: 2, Valid: 2, Valid Percent: 100.00%, Whitelist: 0, IPv4: 0, IPv6: 2, Min Delay: 0.1 ms, Max Speed: 0.00 M/s, Avg Speed: 0.00 M/s, Max Resolution: 1920x1080
Category: 🪁动画频道, Name: 爱动漫, Total: 5, Valid: 4, Valid Percent: 80.00%, Whitelist: 0, IPv4: 0, IPv6: 5, Min Delay: 0.1 ms, Max Speed: 0.00 M/s, Avg Speed: 0.00 M/s, Max Resolution: 1920x1080
Category: 🪁动画频道, Name: 宝宝动画, Total: 1, Valid: 1, Valid Percent: 100.00%, Whitelist: 0, IPv4: 0, IPv6: 1, Min Delay: 0.1 ms, Max Speed: 0.00 M/s, Avg Speed: 0.00 M/s, Max Resolution: 1920x1080
Category: 🪁动画频道, Name: CN卡通, Total: 3, Valid: 2, Valid Percent: 66.67%, Whitelist: 0, IPv4: 0, IPv6: 3, Min Delay: 0.1 ms, Max Speed: 0.00 M/s, Avg Speed: 0.00 M/s, Max Resolution: 1920x1080
Category: 🪁动画频道, Name: 优漫卡通, Total: 22, Valid: 12, Valid Percent: 54.55%, Whitelist: 0, IPv4: 0, IPv6: 22, Min Delay: 0.1 ms, Max Speed: 0.00 M/s, Avg Speed: 0.00 M/s, Max Resolution: 1920x1080
Category: 🪁动画频道, Name: 金鹰卡通, Total: 41, Valid: 32, Valid Percent: 78.05%, Whitelist: 0, IPv4: 0, IPv6: 41, Min Delay: 0.1 ms, Max Speed: 0.00 M/s, Avg Speed: 0.00 M/s, Max Resolution: 1920x1080
Category: 🪁动画频道, Name: 黑莓动画, Total: 8, Valid: 6, Valid Percent: 75.00%, Whitelist: 0, IPv4: 0, IPv6: 8, Min Delay: 0.1 ms, Max Speed: 0.00 M/s, Avg Speed: 0.00 M/s, Max Resolution: 1920x1080
Category: 🪁动画频道, Name: 炫动卡通, Total: 5, Valid: 0, Valid Percent: 0.00%, Whitelist: 0, IPv4: 0, IPv6: 5, Min Delay: -1 ms, Max Speed: 0.00 M/s, Avg Speed: 0.00 M/s, Max Resolution: None
Category: 🪁动画频道, Name: 浙江少儿, Total: 15, Valid: 12, Valid Percent: 80.00%, Whitelist: 0, IPv4: 0, IPv6: 15, Min Delay: 0.1 ms, Max Speed: 0.00 M/s, Avg Speed: 0.00 M/s, Max Resolution: 1920x1080
Category: 🪁动画频道, Name: 河北少儿科教, Total: 11, Valid: 8, Valid Percent: 72.73%, Whitelist: 0, IPv4: 0, IPv6: 11, Min Delay: 0.1 ms, Max Speed: 0.00 M/s, Avg Speed: 0.00 M/s, Max Resolution: 1920x1080
Category: 🪁动画频道, Name: 七龙珠, Total: 1, Valid: 0, Valid Percent: 0.00%, Whitelist: 0, IPv4: 0, IPv6: 1, Min Delay: -1 ms, Max Speed: 0.00 M/s, Avg Speed: 0.00 M/s, Max Resolution: None
Category: 🪁动画频道, Name: 火影忍者, Total: 1, Valid: 0, Valid Percent: 0.00%, Whitelist: 0, IPv4: 0, IPv6: 1, Min Delay: -1 ms, Max Speed: 0.00 M/s, Avg Speed: 0.00 M/s, Max Resolution: None
Category: 🪁动画频道, Name: 海绵宝宝, Total: 1, Valid: 1, Valid Percent: 100.00%, Whitelist: 0, IPv4: 0, IPv6: 1, Min Delay: 0.1 ms, Max Speed: 0.00 M/s, Avg Speed: 0.00 M/s, Max Resolution: 1920x1080
Category: 🪁动画频道, Name: 中华小当家, Total: 3, Valid: 2, Valid Percent: 66.67%, Whitelist: 0, IPv4: 0, IPv6: 3, Min Delay: 0.1 ms, Max Speed: 0.00 M/s, Avg Speed: 0.00 M/s, Max Resolution: 1920x1080
Category: 🪁动画频道, Name: 猫和老鼠, Total: 3, Valid: 2, Valid Percent: 66.67%, Whitelist: 0, IPv4: 0, IPv6: 3, Min Delay: 0.1 ms, Max Speed: 0.00 M/s, Avg Speed: 0.00 M/s, Max Resolution: 1920x1080
Category: 🪁动画频道, Name: 经典动漫, Total: 2, Valid: 2, Valid Percent: 100.00%, Whitelist: 0, IPv4: 0, IPv6: 2, Min Delay: 0.1 ms, Max Speed: 0.00 M/s, Avg Speed: 0.00 M/s, Max Resolution: 1920x1080
Category: 🪁动画频道, Name: 蜡笔小新, Total: 1, Valid: 1, Valid Percent: 100.00%, Whitelist: 0, IPv4: 1, IPv6: 0, Min Delay: 38 ms, Max Speed: 11.19 M/s, Avg Speed: 11.19 M/s, Max Resolution: 1920x1080
Category: 🪁动画频道, Name: 漫画解说, Total: 4, Valid: 2, Valid Percent: 50.00%, Whitelist: 0, IPv4: 0, IPv6: 4, Min Delay: 0.1 ms, Max Speed: 0.00 M/s, Avg Speed: 0.00 M/s, Max Resolution: 1920x1080
Category: 🏛经典剧场, Name: 笑傲江湖, Total: 4, Valid: 3, Valid Percent: 75.00%, Whitelist: 0, IPv4: 0, IPv6: 4, Min Delay: 0.1 ms, Max Speed: 0.00 M/s, Avg Speed: 0.00 M/s, Max Resolution: 1920x1080
Category: 🏛经典剧场, Name: 天龙八部, Total: 5, Valid: 4, Valid Percent: 80.00%, Whitelist: 0, IPv4: 0, IPv6: 5, Min Delay: 0.1 ms, Max Speed: 0.00 M/s, Avg Speed: 0.00 M/s, Max Resolution: 1920x1080
Category: 🏛经典剧场, Name: 鹿鼎记, Total: 1, Valid: 1, Valid Percent: 100.00%, Whitelist: 0, IPv4: 0, IPv6: 1, Min Delay: 0.1 ms, Max Speed: 0.00 M/s, Avg Speed: 0.00 M/s, Max Resolution: 1920x1080
Category: 🏛经典剧场, Name: 仙剑奇侠传, Total: 1, Valid: 1, Valid Percent: 100.00%, Whitelist: 0, IPv4: 0, IPv6: 1, Min Delay: 0.1 ms, Max Speed: 0.00 M/s, Avg Speed: 0.00 M/s, Max Resolution: 1920x1080
Category: 🏛经典剧场, Name: 西游记, Total: 3, Valid: 0, Valid Percent: 0.00%, Whitelist: 0, IPv4: 0, IPv6: 3, Min Delay: -1 ms, Max Speed: 0.00 M/s, Avg Speed: 0.00 M/s, Max Resolution: None
Category: 🏛经典剧场, Name: 三国演义, Total: 3, Valid: 2, Valid Percent: 66.67%, Whitelist: 0, IPv4: 0, IPv6: 3, Min Delay: 0.1 ms, Max Speed: 0.00 M/s, Avg Speed: 0.00 M/s, Max Resolution: 1920x1080
Category: 🏛经典剧场, Name: 水浒传, Total: 1, Valid: 1, Valid Percent: 100.00%, Whitelist: 0, IPv4: 0, IPv6: 1, Min Delay: 0.1 ms, Max Speed: 0.00 M/s, Avg Speed: 0.00 M/s, Max Resolution: 1920x1080
Category: 🏛经典剧场, Name: 新白娘子传奇, Total: 4, Valid: 4, Valid Percent: 100.00%, Whitelist: 0, IPv4: 0, IPv6: 4, Min Delay: 0.1 ms, Max Speed: 0.00 M/s, Avg Speed: 0.00 M/s, Max Resolution: 1920x1080
Category: 🏛经典剧场, Name: 济公游记, Total: 1, Valid: 1, Valid Percent: 100.00%, Whitelist: 0, IPv4: 0, IPv6: 1, Min Delay: 0.1 ms, Max Speed: 0.00 M/s, Avg Speed: 0.00 M/s, Max Resolution: 1920x1080
Category: 🏛经典剧场, Name: 封神榜, Total: 4, Valid: 3, Valid Percent: 75.00%, Whitelist: 0, IPv4: 0, IPv6: 4, Min Delay: 0.1 ms, Max Speed: 0.00 M/s, Avg Speed: 0.00 M/s, Max Resolution: 1920x1080
Category: 🏛经典剧场, Name: 闯关东, Total: 1, Valid: 1, Valid Percent: 100.00%, Whitelist: 0, IPv4: 1, IPv6: 0, Min Delay: 1974 ms, Max Speed: 0.14 M/s, Avg Speed: 0.14 M/s, Max Resolution: 1280x720
Category: 🏛经典剧场, Name: 上海滩, Total: 2, Valid: 2, Valid Percent: 100.00%, Whitelist: 0, IPv4: 0, IPv6: 2, Min Delay: 0.1 ms, Max Speed: 0.00 M/s, Avg Speed: 0.00 M/s, Max Resolution: 1920x1080
Category: 🏛经典剧场, Name: 射雕英雄传, Total: 1, Valid: 1, Valid Percent: 100.00%, Whitelist: 0, IPv4: 0, IPv6: 1, Min Delay: 0.1 ms, Max Speed: 0.00 M/s, Avg Speed: 0.00 M/s, Max Resolution: 1920x1080
